#
# There is insufficient memory for the Java Runtime Environment to continue.
# Native memory allocation (malloc) failed to allocate 32744 bytes. Error detail: Chunk::new
# Possible reasons:
#   The system is out of physical RAM or swap space
#   This process is running with CompressedOops enabled, and the Java Heap may be blocking the growth of the native heap
# Possible solutions:
#   Reduce memory load on the system
#   Increase physical memory or swap space
#   Check if swap backing store is full
#   Decrease Java heap size (-Xmx/-Xms)
#   Decrease number of Java threads
#   Decrease Java thread stack sizes (-Xss)
#   Set larger code cache with -XX:ReservedCodeCacheSize=
#   JVM is running with Zero Based Compressed Oops mode in which the Java heap is
#     placed in the first 32GB address space. The Java Heap base address is the
#     maximum limit for the native heap growth. Please use -XX:HeapBaseMinAddress
#     to set the Java Heap base and to place the Java Heap above 32GB virtual address.
# This output file may be truncated or incomplete.
#
#  Out of Memory Error (arena.cpp:162), pid=6504, tid=13688
#
# JRE version: Java(TM) SE Runtime Environment (24.0.2+12) (build 24.0.2+12-54)
# Java VM: Java HotSpot(TM) 64-Bit Server VM (24.0.2+12-54, mixed mode, sharing, tiered, compressed oops, compressed class ptrs, g1 gc, windows-amd64)
# No core dump will be written. Minidumps are not enabled by default on client versions of Windows
#

---------------  S U M M A R Y ------------

Command Line: -javaagent:C:\Program Files\JetBrains\IntelliJ IDEA Community Edition 2025.2.1\lib\idea_rt.jar=62388 -Dfile.encoding=UTF-8 -Dsun.stdout.encoding=UTF-8 -Dsun.stderr.encoding=UTF-8 net.javaguides.ems.EmsBackendApplication

Host: 13th Gen Intel(R) Core(TM) i5-1335U, 12 cores, 15G,  Windows 11 , 64 bit Build 26100 (10.0.26100.7623)
Time: Sun Feb  8 00:55:56 2026 India Standard Time elapsed time: 3625.097618 seconds (0d 1h 0m 25s)

---------------  T H R E A D  ---------------

Current thread (0x00000162a4648ed0):  JavaThread "C2 CompilerThread0" daemon [_thread_in_native, id=13688, stack(0x000000134df00000,0x000000134e000000) (1024K)]


Current CompileTask:
C2:3625097 6909   !   4       sun.nio.ch.SelectorImpl::processDeregisterQueue (145 bytes)

Stack: [0x000000134df00000,0x000000134e000000]
Native frames: (J=compiled Java code, j=interpreted, Vv=VM code, C=native code)
V  [jvm.dll+0x730829]  (no source info available)
V  [jvm.dll+0x8d9da3]  (no source info available)
V  [jvm.dll+0x8dc28d]  (no source info available)
V  [jvm.dll+0x8dc903]  (no source info available)
V  [jvm.dll+0x2a9f56]  (no source info available)
V  [jvm.dll+0xced7f]  (no source info available)
V  [jvm.dll+0xcefdf]  (no source info available)
V  [jvm.dll+0x6af46a]  (no source info available)
V  [jvm.dll+0x6af63e]  (no source info available)
V  [jvm.dll+0x6b5767]  (no source info available)
V  [jvm.dll+0x6b6a99]  (no source info available)
V  [jvm.dll+0x6b4abc]  (no source info available)
V  [jvm.dll+0x26f483]  (no source info available)
V  [jvm.dll+0x26e8ff]  (no source info available)
V  [jvm.dll+0x1e9c90]  (no source info available)
V  [jvm.dll+0x27e0cb]  (no source info available)
V  [jvm.dll+0x27c36a]  (no source info available)
V  [jvm.dll+0x42f396]  (no source info available)
V  [jvm.dll+0x87d9eb]  (no source info available)
V  [jvm.dll+0x72ef45]  (no source info available)
C  [ucrtbase.dll+0x37b0]  (no source info available)
C  [KERNEL32.DLL+0x2e8d7]  (no source info available)
C  [ntdll.dll+0x8c53c]  (no source info available)

Lock stack of current Java thread (top to bottom):


---------------  P R O C E S S  ---------------

Threads class SMR info:
_java_thread_list=0x00000162ecad3ae0, length=29, elements={
0x00000162a3ece390, 0x00000162a4640080, 0x00000162a4644c70, 0x00000162a4645a00,
0x00000162a4647540, 0x00000162a4648070, 0x00000162a4648ed0, 0x00000162a4649660,
0x00000162a477fbf0, 0x00000162ea0246f0, 0x00000162ea024e30, 0x00000162ec655190,
0x00000162ec6558d0, 0x00000162eda3da10, 0x00000162eda3cb70, 0x00000162eda3d2c0,
0x00000162ed708c00, 0x00000162ed7058d0, 0x00000162ed706020, 0x00000162ed707610,
0x00000162ed706770, 0x00000162ed7084b0, 0x00000162ed707d60, 0x00000162ed709350,
0x00000162ed709aa0, 0x00000162ed70a1f0, 0x00000162ed706ec0, 0x00000162ed70bf30,
0x00000162ed70b090
}

Java Threads: ( => current thread )
  0x00000162a3ece390 JavaThread "Reference Handler"          daemon [_thread_blocked, id=3264, stack(0x000000134d900000,0x000000134da00000) (1024K)]
  0x00000162a4640080 JavaThread "Finalizer"                  daemon [_thread_blocked, id=8792, stack(0x000000134da00000,0x000000134db00000) (1024K)]
  0x00000162a4644c70 JavaThread "Signal Dispatcher"          daemon [_thread_blocked, id=2488, stack(0x000000134db00000,0x000000134dc00000) (1024K)]
  0x00000162a4645a00 JavaThread "Attach Listener"            daemon [_thread_blocked, id=18064, stack(0x000000134dc00000,0x000000134dd00000) (1024K)]
  0x00000162a4647540 JavaThread "Service Thread"             daemon [_thread_blocked, id=7752, stack(0x000000134dd00000,0x000000134de00000) (1024K)]
  0x00000162a4648070 JavaThread "Monitor Deflation Thread"   daemon [_thread_blocked, id=19052, stack(0x000000134de00000,0x000000134df00000) (1024K)]
=>0x00000162a4648ed0 JavaThread "C2 CompilerThread0"         daemon [_thread_in_native, id=13688, stack(0x000000134df00000,0x000000134e000000) (1024K)]
  0x00000162a4649660 JavaThread "C1 CompilerThread0"         daemon [_thread_blocked, id=8300, stack(0x000000134e000000,0x000000134e100000) (1024K)]
  0x00000162a477fbf0 JavaThread "Common-Cleaner"             daemon [_thread_blocked, id=19984, stack(0x000000134e200000,0x000000134e300000) (1024K)]
  0x00000162ea0246f0 JavaThread "Monitor Ctrl-Break"         daemon [_thread_in_native, id=14632, stack(0x000000134e300000,0x000000134e400000) (1024K)]
  0x00000162ea024e30 JavaThread "Notification Thread"        daemon [_thread_blocked, id=3728, stack(0x000000134e400000,0x000000134e500000) (1024K)]
  0x00000162ec655190 JavaThread "Catalina-utility-1"                [_thread_blocked, id=4704, stack(0x000000134f100000,0x000000134f200000) (1024K)]
  0x00000162ec6558d0 JavaThread "Catalina-utility-2"                [_thread_blocked, id=12352, stack(0x000000134f200000,0x000000134f300000) (1024K)]
  0x00000162eda3da10 JavaThread "container-0"                       [_thread_blocked, id=10832, stack(0x000000134f300000,0x000000134f400000) (1024K)]
  0x00000162eda3cb70 JavaThread "mysql-cj-abandoned-connection-cleanup" daemon [_thread_blocked, id=17480, stack(0x000000134f400000,0x000000134f500000) (1024K)]
  0x00000162eda3d2c0 JavaThread "HikariPool-1:housekeeper"   daemon [_thread_blocked, id=12872, stack(0x000000134f600000,0x000000134f700000) (1024K)]
  0x00000162ed708c00 JavaThread "http-nio-8080-exec-1"       daemon [_thread_blocked, id=17856, stack(0x000000134f800000,0x000000134f900000) (1024K)]
  0x00000162ed7058d0 JavaThread "http-nio-8080-exec-2"       daemon [_thread_blocked, id=15644, stack(0x000000134f900000,0x000000134fa00000) (1024K)]
  0x00000162ed706020 JavaThread "http-nio-8080-exec-3"       daemon [_thread_blocked, id=12488, stack(0x000000134fa00000,0x000000134fb00000) (1024K)]
  0x00000162ed707610 JavaThread "http-nio-8080-exec-4"       daemon [_thread_blocked, id=16264, stack(0x000000134fb00000,0x000000134fc00000) (1024K)]
  0x00000162ed706770 JavaThread "http-nio-8080-exec-5"       daemon [_thread_blocked, id=21880, stack(0x000000134fc00000,0x000000134fd00000) (1024K)]
  0x00000162ed7084b0 JavaThread "http-nio-8080-exec-6"       daemon [_thread_blocked, id=14772, stack(0x000000134fd00000,0x000000134fe00000) (1024K)]
  0x00000162ed707d60 JavaThread "http-nio-8080-exec-7"       daemon [_thread_blocked, id=2044, stack(0x000000134fe00000,0x000000134ff00000) (1024K)]
  0x00000162ed709350 JavaThread "http-nio-8080-exec-8"       daemon [_thread_blocked, id=19116, stack(0x000000134ff00000,0x0000001350000000) (1024K)]
  0x00000162ed709aa0 JavaThread "http-nio-8080-exec-9"       daemon [_thread_blocked, id=15556, stack(0x0000001350000000,0x0000001350100000) (1024K)]
  0x00000162ed70a1f0 JavaThread "http-nio-8080-exec-10"      daemon [_thread_blocked, id=2376, stack(0x0000001350100000,0x0000001350200000) (1024K)]
  0x00000162ed706ec0 JavaThread "http-nio-8080-Poller"       daemon [_thread_in_native, id=20364, stack(0x0000001350200000,0x0000001350300000) (1024K)]
  0x00000162ed70bf30 JavaThread "http-nio-8080-Acceptor"     daemon [_thread_in_native, id=20436, stack(0x0000001350300000,0x0000001350400000) (1024K)]
  0x00000162ed70b090 JavaThread "DestroyJavaVM"                     [_thread_blocked, id=14080, stack(0x000000134d100000,0x000000134d200000) (1024K)]
Total: 29

Other Threads:
  0x00000162a3ebf670 VMThread "VM Thread"                           [id=18540, stack(0x000000134d800000,0x000000134d900000) (1024K)]
  0x00000162a3eaf6a0 WatcherThread "VM Periodic Task Thread"        [id=21124, stack(0x000000134d700000,0x000000134d800000) (1024K)]
  0x0000016282b2f8a0 WorkerThread "GC Thread#0"                     [id=14008, stack(0x000000134d200000,0x000000134d300000) (1024K)]
  0x00000162ead9b2f0 WorkerThread "GC Thread#1"                     [id=16260, stack(0x000000134e600000,0x000000134e700000) (1024K)]
  0x00000162eae9ee70 WorkerThread "GC Thread#2"                     [id=8292, stack(0x000000134e700000,0x000000134e800000) (1024K)]
  0x00000162eae9f630 WorkerThread "GC Thread#3"                     [id=12720, stack(0x000000134e800000,0x000000134e900000) (1024K)]
  0x00000162eae9f9e0 WorkerThread "GC Thread#4"                     [id=21048, stack(0x000000134e900000,0x000000134ea00000) (1024K)]
  0x00000162eb026060 WorkerThread "GC Thread#5"                     [id=14188, stack(0x000000134ea00000,0x000000134eb00000) (1024K)]
  0x00000162eacad120 WorkerThread "GC Thread#6"                     [id=13180, stack(0x000000134eb00000,0x000000134ec00000) (1024K)]
  0x00000162eb27c380 WorkerThread "GC Thread#7"                     [id=704, stack(0x000000134e500000,0x000000134e600000) (1024K)]
  0x00000162eb27b4c0 WorkerThread "GC Thread#8"                     [id=12044, stack(0x000000134ec00000,0x000000134ed00000) (1024K)]
  0x00000162eb27b110 WorkerThread "GC Thread#9"                     [id=19916, stack(0x000000134ed00000,0x000000134ee00000) (1024K)]
  0x0000016282b442c0 ConcurrentGCThread "G1 Main Marker"            [id=15140, stack(0x000000134d300000,0x000000134d400000) (1024K)]
  0x0000016282b44dd0 WorkerThread "G1 Conc#0"                       [id=5768, stack(0x000000134d400000,0x000000134d500000) (1024K)]
  0x00000162eb27cae0 WorkerThread "G1 Conc#1"                       [id=21572, stack(0x000000134ee00000,0x000000134ef00000) (1024K)]
  0x00000162eb27bc20 WorkerThread "G1 Conc#2"                       [id=21116, stack(0x000000134ef00000,0x000000134f000000) (1024K)]
  0x00000162a3d5d070 ConcurrentGCThread "G1 Refine#0"               [id=21868, stack(0x000000134d500000,0x000000134d600000) (1024K)]
  0x00000162a3d5e8b0 ConcurrentGCThread "G1 Service"                [id=7464, stack(0x000000134d600000,0x000000134d700000) (1024K)]
Total: 18

Threads with active compile tasks:
C2 CompilerThread0  3625316 6909   !   4       sun.nio.ch.SelectorImpl::processDeregisterQueue (145 bytes)
Total: 1

VM state: not at safepoint (normal execution)

VM Mutex/Monitor currently owned by a thread: None

Heap address: 0x0000000704e00000, size: 4018 MB, Compressed Oops mode: Zero based, Oop shift amount: 3

CDS archive(s) mapped at: [0x00000162a5000000-0x00000162a5d40000-0x00000162a5d40000), size 13893632, SharedBaseAddress: 0x00000162a5000000, ArchiveRelocationMode: 1.
Compressed class space mapped at: 0x00000162a6000000-0x00000162e6000000, reserved size: 1073741824
UseCompressedClassPointers 1, UseCompactObjectHeaders 0
Narrow klass pointer bits 32, Max shift 3
Narrow klass base: 0x00000162a5000000, Narrow klass shift: 0
Encoding Range: [0x00000162a5000000 - 0x00000163a5000000), (4294967296 bytes)
Klass Range:    [0x00000162a5000000 - 0x00000162e6000000), (1090519040 bytes)
Klass ID Range:  [8 - 1090519033) (1090519025)

GC Precious Log:
 CardTable entry size: 512
 Card Set container configuration: InlinePtr #cards 4 size 8 Array Of Cards #cards 16 size 48 Howl #buckets 8 coarsen threshold 3686 Howl Bitmap #cards 512 size 80 coarsen threshold 460 Card regions per heap region 1 cards per card region 4096
 CPUs: 12 total, 12 available
 Memory: 16068M
 Large Page Support: Disabled
 NUMA Support: Disabled
 Compressed Oops: Enabled (Zero based)
 Heap Region Size: 2M
 Heap Min Capacity: 8M
 Heap Initial Capacity: 252M
 Heap Max Capacity: 4018M
 Pre-touch: Disabled
 Parallel Workers: 10
 Concurrent Workers: 3
 Concurrent Refinement Workers: 10
 Periodic GC: Disabled

Heap:
 garbage-first heap   total reserved 4114432K, committed 79872K, used 36440K [0x0000000704e00000, 0x0000000800000000)
  region size 2048K, 7 young (14336K), 3 survivors (6144K)
 Metaspace       used 72449K, committed 73024K, reserved 1179648K
  class space    used 7815K, committed 8064K, reserved 1048576K

Heap Regions: E=young(eden), S=young(survivor), O=old, HS=humongous(starts), HC=humongous(continues), CS=collection set, F=free, TAMS=top-at-mark-start, PB=parsable bottom
|   0|0x0000000704e00000, 0x0000000705000000, 0x0000000705000000|100%| O|  |TAMS 0x0000000704e00000| PB 0x0000000704e00000| Untracked |  0
|   1|0x0000000705000000, 0x0000000705200000, 0x0000000705200000|100%| O|  |TAMS 0x0000000705000000| PB 0x0000000705000000| Untracked |  0
|   2|0x0000000705200000, 0x0000000705400000, 0x0000000705400000|100%| O|  |TAMS 0x0000000705200000| PB 0x0000000705200000| Untracked |  0
|   3|0x0000000705400000, 0x0000000705600000, 0x0000000705600000|100%| O|  |TAMS 0x0000000705400000| PB 0x0000000705400000| Untracked |  0
|   4|0x0000000705600000, 0x0000000705800000, 0x0000000705800000|100%| O|  |TAMS 0x0000000705600000| PB 0x0000000705600000| Untracked |  0
|   5|0x0000000705800000, 0x0000000705a00000, 0x0000000705a00000|100%| O|  |TAMS 0x0000000705800000| PB 0x0000000705800000| Untracked |  0
|   6|0x0000000705a00000, 0x0000000705a00000, 0x0000000705c00000|  0%| F|  |TAMS 0x0000000705a00000| PB 0x0000000705a00000| Untracked |  0
|   7|0x0000000705c00000, 0x0000000705e00000, 0x0000000705e00000|100%| O|  |TAMS 0x0000000705c00000| PB 0x0000000705c00000| Untracked |  0
|   8|0x0000000705e00000, 0x0000000706000000, 0x0000000706000000|100%| O|  |TAMS 0x0000000705e00000| PB 0x0000000705e00000| Untracked |  0
|   9|0x0000000706000000, 0x0000000706200000, 0x0000000706200000|100%| O|  |TAMS 0x0000000706000000| PB 0x0000000706000000| Untracked |  0
|  10|0x0000000706200000, 0x0000000706211f30, 0x0000000706400000|  3%| O|  |TAMS 0x0000000706200000| PB 0x0000000706200000| Untracked |  0
|  11|0x0000000706400000, 0x0000000706400000, 0x0000000706600000|  0%| F|  |TAMS 0x0000000706400000| PB 0x0000000706400000| Untracked |  0
|  12|0x0000000706600000, 0x0000000706600000, 0x0000000706800000|  0%| F|  |TAMS 0x0000000706600000| PB 0x0000000706600000| Untracked |  0
|  13|0x0000000706800000, 0x0000000706800000, 0x0000000706a00000|  0%| F|  |TAMS 0x0000000706800000| PB 0x0000000706800000| Untracked |  0
|  14|0x0000000706a00000, 0x0000000706a00000, 0x0000000706c00000|  0%| F|  |TAMS 0x0000000706a00000| PB 0x0000000706a00000| Untracked |  0
|  15|0x0000000706c00000, 0x0000000706d84200, 0x0000000706e00000| 75%| S|CS|TAMS 0x0000000706c00000| PB 0x0000000706c00000| Complete |  0
|  16|0x0000000706e00000, 0x0000000707000000, 0x0000000707000000|100%| S|CS|TAMS 0x0000000706e00000| PB 0x0000000706e00000| Complete |  0
|  17|0x0000000707000000, 0x0000000707200000, 0x0000000707200000|100%| S|CS|TAMS 0x0000000707000000| PB 0x0000000707000000| Complete |  0
|  18|0x0000000707200000, 0x0000000707200000, 0x0000000707400000|  0%| F|  |TAMS 0x0000000707200000| PB 0x0000000707200000| Untracked |  0
|  19|0x0000000707400000, 0x0000000707400000, 0x0000000707600000|  0%| F|  |TAMS 0x0000000707400000| PB 0x0000000707400000| Untracked |  0
|  20|0x0000000707600000, 0x0000000707600000, 0x0000000707800000|  0%| F|  |TAMS 0x0000000707600000| PB 0x0000000707600000| Untracked |  0
|  21|0x0000000707800000, 0x0000000707800000, 0x0000000707a00000|  0%| F|  |TAMS 0x0000000707800000| PB 0x0000000707800000| Untracked |  0
|  22|0x0000000707a00000, 0x0000000707a00000, 0x0000000707c00000|  0%| F|  |TAMS 0x0000000707a00000| PB 0x0000000707a00000| Untracked |  0
|  23|0x0000000707c00000, 0x0000000707c00000, 0x0000000707e00000|  0%| F|  |TAMS 0x0000000707c00000| PB 0x0000000707c00000| Untracked |  0
|  24|0x0000000707e00000, 0x0000000707e00000, 0x0000000708000000|  0%| F|  |TAMS 0x0000000707e00000| PB 0x0000000707e00000| Untracked |  0
|  25|0x0000000708000000, 0x0000000708000000, 0x0000000708200000|  0%| F|  |TAMS 0x0000000708000000| PB 0x0000000708000000| Untracked |  0
|  26|0x0000000708200000, 0x0000000708200000, 0x0000000708400000|  0%| F|  |TAMS 0x0000000708200000| PB 0x0000000708200000| Untracked |  0
|  96|0x0000000710e00000, 0x0000000710e00000, 0x0000000711000000|  0%| F|  |TAMS 0x0000000710e00000| PB 0x0000000710e00000| Untracked |  0
|  97|0x0000000711000000, 0x0000000711000000, 0x0000000711200000|  0%| F|  |TAMS 0x0000000711000000| PB 0x0000000711000000| Untracked |  0
|  98|0x0000000711200000, 0x0000000711200000, 0x0000000711400000|  0%| F|  |TAMS 0x0000000711200000| PB 0x0000000711200000| Untracked |  0
| 102|0x0000000711a00000, 0x0000000711a00000, 0x0000000711c00000|  0%| F|  |TAMS 0x0000000711a00000| PB 0x0000000711a00000| Untracked |  0
| 103|0x0000000711c00000, 0x0000000711c9c4b0, 0x0000000711e00000| 30%| E|  |TAMS 0x0000000711c00000| PB 0x0000000711c00000| Complete |  0
| 104|0x0000000711e00000, 0x0000000712000000, 0x0000000712000000|100%| E|CS|TAMS 0x0000000711e00000| PB 0x0000000711e00000| Complete |  0
| 125|0x0000000714800000, 0x0000000714a00000, 0x0000000714a00000|100%| E|  |TAMS 0x0000000714800000| PB 0x0000000714800000| Complete |  0
|2004|0x00000007ff600000, 0x00000007ff800000, 0x00000007ff800000|100%| O|  |TAMS 0x00000007ff600000| PB 0x00000007ff600000| Untracked |  0
|2005|0x00000007ff800000, 0x00000007ffa00000, 0x00000007ffa00000|100%| O|  |TAMS 0x00000007ff800000| PB 0x00000007ff800000| Untracked |  0
|2006|0x00000007ffa00000, 0x00000007ffc00000, 0x00000007ffc00000|100%| O|  |TAMS 0x00000007ffa00000| PB 0x00000007ffa00000| Untracked |  0
|2007|0x00000007ffc00000, 0x00000007ffe00000, 0x00000007ffe00000|100%| O|  |TAMS 0x00000007ffc00000| PB 0x00000007ffc00000| Untracked |  0
|2008|0x00000007ffe00000, 0x0000000800000000, 0x0000000800000000|100%| E|CS|TAMS 0x00000007ffe00000| PB 0x00000007ffe00000| Complete |  0

Card table byte_map: [0x000001629d260000,0x000001629da40000] _byte_map_base: 0x0000016299a39000

Marking Bits: (CMBitMap*) 0x0000016282b2ffb0
 Bits: [0x000001629da40000, 0x00000162a1908000)

Polling page: 0x0000016282b90000

Metaspace:

Usage:
  Non-class:     63.12 MB used.
      Class:      7.63 MB used.
       Both:     70.75 MB used.

Virtual space:
  Non-class space:      128.00 MB reserved,      63.44 MB ( 50%) committed,  2 nodes.
      Class space:        1.00 GB reserved,       7.88 MB ( <1%) committed,  1 nodes.
             Both:        1.12 GB reserved,      71.31 MB (  6%) committed. 

Chunk freelists:
   Non-Class:  15.97 MB
       Class:  8.09 MB
        Both:  24.07 MB

MaxMetaspaceSize: unlimited
CompressedClassSpaceSize: 1.00 GB
Initial GC threshold: 21.00 MB
Current GC threshold: 99.06 MB
CDS: on
 - commit_granule_bytes: 65536.
 - commit_granule_words: 8192.
 - virtual_space_node_default_size: 8388608.
 - enlarge_chunks_in_place: 1.
UseCompressedClassPointers 1, UseCompactObjectHeaders 0
Narrow klass pointer bits 32, Max shift 3
Narrow klass base: 0x00000162a5000000, Narrow klass shift: 0
Encoding Range: [0x00000162a5000000 - 0x00000163a5000000), (4294967296 bytes)
Klass Range:    [0x00000162a5000000 - 0x00000162e6000000), (1090519040 bytes)
Klass ID Range:  [8 - 1090519033) (1090519025)


Internal statistics:

num_allocs_failed_limit: 12.
num_arena_births: 706.
num_arena_deaths: 0.
num_vsnodes_births: 3.
num_vsnodes_deaths: 0.
num_space_committed: 1141.
num_space_uncommitted: 0.
num_chunks_returned_to_freelist: 12.
num_chunks_taken_from_freelist: 3177.
num_chunk_merges: 12.
num_chunk_splits: 2295.
num_chunks_enlarged: 1881.
num_inconsistent_stats: 0.

CodeHeap 'non-profiled nmethods': size=120064Kb used=3202Kb max_used=3202Kb free=116861Kb
 bounds [0x00000162948b0000, 0x0000016294be0000, 0x000001629bdf0000]
CodeHeap 'profiled nmethods': size=120000Kb used=10403Kb max_used=10403Kb free=109596Kb
 bounds [0x000001628cdf0000, 0x000001628d820000, 0x0000016294320000]
CodeHeap 'non-nmethods': size=5696Kb used=1595Kb max_used=1725Kb free=4100Kb
 bounds [0x0000016294320000, 0x0000016294590000, 0x00000162948b0000]
CodeCache: size=245760Kb, used=15200Kb, max_used=15330Kb, free=230557Kb
 total_blobs=6940, nmethods=6188, adapters=657, full_count=0
Compilation: enabled, stopped_count=0, restarted_count=0

Compilation events (20 events):
Event: 3450.915 Thread 0x00000162a4649660 nmethod 6899 0x000001628d813308 code [0x000001628d8134c0, 0x000001628d813ea8]
Event: 3451.269 Thread 0x00000162a4649660 6900       3       com.zaxxer.hikari.util.ConcurrentBag::reserve (10 bytes)
Event: 3451.269 Thread 0x00000162a4649660 nmethod 6900 0x000001628d813f08 code [0x000001628d814040, 0x000001628d814248]
Event: 3460.923 Thread 0x00000162a4649660 6901       3       org.apache.catalina.core.ContainerBase$ContainerBackgroundProcessor::run (9 bytes)
Event: 3460.924 Thread 0x00000162a4649660 nmethod 6901 0x000001628d814288 code [0x000001628d8143a0, 0x000001628d8144f8]
Event: 3460.924 Thread 0x00000162a4649660 6902  s!   3       org.apache.catalina.core.StandardContext::backgroundProcess (203 bytes)
Event: 3460.928 Thread 0x00000162a4649660 nmethod 6902 0x000001628d814588 code [0x000001628d814900, 0x000001628d816998]
Event: 3460.928 Thread 0x00000162a4649660 6903   !   3       org.apache.catalina.loader.WebappLoader::backgroundProcess (68 bytes)
Event: 3460.929 Thread 0x00000162a4649660 nmethod 6903 0x000001628d816b08 code [0x000001628d816ca0, 0x000001628d8175e0]
Event: 3558.156 Thread 0x00000162a4648ed0 6904   !   4       java.util.concurrent.locks.LockSupport::parkNanos (61 bytes)
Event: 3558.159 Thread 0x00000162a4648ed0 nmethod 6904 0x0000016294bcff88 code [0x0000016294bd00a0, 0x0000016294bd0378]
Event: 3617.017 Thread 0x00000162a4648ed0 6905   !   4       java.lang.Thread::blockedOn (23 bytes)
Event: 3617.019 Thread 0x00000162a4648ed0 nmethod 6905 0x0000016294bd0408 code [0x0000016294bd0520, 0x0000016294bd0850]
Event: 3618.291 Thread 0x00000162a4649660 6906   !   3       com.mysql.cj.jdbc.ConnectionImpl::isValid (112 bytes)
Event: 3618.294 Thread 0x00000162a4649660 nmethod 6906 0x000001628d817688 code [0x000001628d817920, 0x000001628d8186c0]
Event: 3618.294 Thread 0x00000162a4649660 6907   !   3       com.mysql.cj.jdbc.ConnectionImpl::pingInternal (20 bytes)
Event: 3618.294 Thread 0x00000162a4649660 nmethod 6907 0x000001628d818788 code [0x000001628d8188c0, 0x000001628d818ab0]
Event: 3618.294 Thread 0x00000162a4649660 6908       3       com.mysql.cj.protocol.a.NativeMessageBuilder::buildComPing (29 bytes)
Event: 3618.295 Thread 0x00000162a4649660 nmethod 6908 0x000001628d818b08 code [0x000001628d818c40, 0x000001628d818ea8]
Event: 3623.072 Thread 0x00000162a4648ed0 6909   !   4       sun.nio.ch.SelectorImpl::processDeregisterQueue (145 bytes)

GC Heap History (20 events):
Event: 1.570 GC heap before
{Heap before GC invocations=0 (full 0):
 garbage-first heap   total reserved 4114432K, committed 260096K, used 48244K [0x0000000704e00000, 0x0000000800000000)
  region size 2048K, 24 young (49152K), 0 survivors (0K)
 Metaspace       used 12065K, committed 12352K, reserved 1114112K
  class space    used 1201K, committed 1344K, reserved 1048576K
}
Event: 1.578 GC heap after
{Heap after GC invocations=1 (full 0):
 garbage-first heap   total reserved 4114432K, committed 260096K, used 10014K [0x0000000704e00000, 0x0000000800000000)
  region size 2048K, 3 young (6144K), 3 survivors (6144K)
 Metaspace       used 12065K, committed 12352K, reserved 1114112K
  class space    used 1201K, committed 1344K, reserved 1048576K
}
Event: 2.456 GC heap before
{Heap before GC invocations=1 (full 0):
 garbage-first heap   total reserved 4114432K, committed 260096K, used 48926K [0x0000000704e00000, 0x0000000800000000)
  region size 2048K, 24 young (49152K), 3 survivors (6144K)
 Metaspace       used 21271K, committed 21504K, reserved 1114112K
  class space    used 2070K, committed 2176K, reserved 1048576K
}
Event: 2.466 GC heap after
{Heap after GC invocations=2 (full 0):
 garbage-first heap   total reserved 4114432K, committed 260096K, used 16010K [0x0000000704e00000, 0x0000000800000000)
  region size 2048K, 6 young (12288K), 6 survivors (12288K)
 Metaspace       used 21271K, committed 21504K, reserved 1114112K
  class space    used 2070K, committed 2176K, reserved 1048576K
}
Event: 3.893 GC heap before
{Heap before GC invocations=3 (full 0):
 garbage-first heap   total reserved 4114432K, committed 61440K, used 59018K [0x0000000704e00000, 0x0000000800000000)
  region size 2048K, 27 young (55296K), 6 survivors (12288K)
 Metaspace       used 28637K, committed 28992K, reserved 1114112K
  class space    used 2937K, committed 3072K, reserved 1048576K
}
Event: 3.912 GC heap after
{Heap after GC invocations=4 (full 0):
 garbage-first heap   total reserved 4114432K, committed 79872K, used 20546K [0x0000000704e00000, 0x0000000800000000)
  region size 2048K, 5 young (10240K), 5 survivors (10240K)
 Metaspace       used 28637K, committed 28992K, reserved 1114112K
  class space    used 2937K, committed 3072K, reserved 1048576K
}
Event: 4.885 GC heap before
{Heap before GC invocations=4 (full 0):
 garbage-first heap   total reserved 4114432K, committed 79872K, used 53314K [0x0000000704e00000, 0x0000000800000000)
  region size 2048K, 21 young (43008K), 5 survivors (10240K)
 Metaspace       used 35668K, committed 36096K, reserved 1114112K
  class space    used 3818K, committed 3968K, reserved 1048576K
}
Event: 4.897 GC heap after
{Heap after GC invocations=5 (full 0):
 garbage-first heap   total reserved 4114432K, committed 79872K, used 22873K [0x0000000704e00000, 0x0000000800000000)
  region size 2048K, 2 young (4096K), 2 survivors (4096K)
 Metaspace       used 35668K, committed 36096K, reserved 1114112K
  class space    used 3818K, committed 3968K, reserved 1048576K
}
Event: 4.899 GC heap before
{Heap before GC invocations=5 (full 0):
 garbage-first heap   total reserved 4114432K, committed 79872K, used 22873K [0x0000000704e00000, 0x0000000800000000)
  region size 2048K, 3 young (6144K), 2 survivors (4096K)
 Metaspace       used 35688K, committed 36096K, reserved 1114112K
  class space    used 3820K, committed 3968K, reserved 1048576K
}
Event: 4.903 GC heap after
{Heap after GC invocations=6 (full 0):
 garbage-first heap   total reserved 4114432K, committed 79872K, used 22276K [0x0000000704e00000, 0x0000000800000000)
  region size 2048K, 2 young (4096K), 2 survivors (4096K)
 Metaspace       used 35688K, committed 36096K, reserved 1114112K
  class space    used 3820K, committed 3968K, reserved 1048576K
}
Event: 6.287 GC heap before
{Heap before GC invocations=7 (full 0):
 garbage-first heap   total reserved 4114432K, committed 79872K, used 57092K [0x0000000704e00000, 0x0000000800000000)
  region size 2048K, 20 young (40960K), 2 survivors (4096K)
 Metaspace       used 49141K, committed 49600K, reserved 1114112K
  class space    used 5229K, committed 5440K, reserved 1048576K
}
Event: 6.297 GC heap after
{Heap after GC invocations=8 (full 0):
 garbage-first heap   total reserved 4114432K, committed 79872K, used 25893K [0x0000000704e00000, 0x0000000800000000)
  region size 2048K, 3 young (6144K), 3 survivors (6144K)
 Metaspace       used 49141K, committed 49600K, reserved 1114112K
  class space    used 5229K, committed 5440K, reserved 1048576K
}
Event: 7.061 GC heap before
{Heap before GC invocations=8 (full 0):
 garbage-first heap   total reserved 4114432K, committed 79872K, used 56613K [0x0000000704e00000, 0x0000000800000000)
  region size 2048K, 20 young (40960K), 3 survivors (6144K)
 Metaspace       used 59907K, committed 60288K, reserved 1114112K
  class space    used 6411K, committed 6592K, reserved 1048576K
}
Event: 7.070 GC heap after
{Heap after GC invocations=9 (full 0):
 garbage-first heap   total reserved 4114432K, committed 79872K, used 27469K [0x0000000704e00000, 0x0000000800000000)
  region size 2048K, 1 young (2048K), 1 survivors (2048K)
 Metaspace       used 59907K, committed 60288K, reserved 1114112K
  class space    used 6411K, committed 6592K, reserved 1048576K
}
Event: 7.091 GC heap before
{Heap before GC invocations=9 (full 0):
 garbage-first heap   total reserved 4114432K, committed 79872K, used 27469K [0x0000000704e00000, 0x0000000800000000)
  region size 2048K, 2 young (4096K), 1 survivors (2048K)
 Metaspace       used 60202K, committed 60608K, reserved 1114112K
  class space    used 6451K, committed 6656K, reserved 1048576K
}
Event: 7.094 GC heap after
{Heap after GC invocations=10 (full 0):
 garbage-first heap   total reserved 4114432K, committed 79872K, used 27360K [0x0000000704e00000, 0x0000000800000000)
  region size 2048K, 1 young (2048K), 1 survivors (2048K)
 Metaspace       used 60202K, committed 60608K, reserved 1114112K
  class space    used 6451K, committed 6656K, reserved 1048576K
}
Event: 7.955 GC heap before
{Heap before GC invocations=11 (full 0):
 garbage-first heap   total reserved 4114432K, committed 79872K, used 64224K [0x0000000704e00000, 0x0000000800000000)
  region size 2048K, 20 young (40960K), 1 survivors (2048K)
 Metaspace       used 66287K, committed 66816K, reserved 1114112K
  class space    used 7186K, committed 7424K, reserved 1048576K
}
Event: 7.961 GC heap after
{Heap after GC invocations=12 (full 0):
 garbage-first heap   total reserved 4114432K, committed 79872K, used 30296K [0x0000000704e00000, 0x0000000800000000)
  region size 2048K, 3 young (6144K), 3 survivors (6144K)
 Metaspace       used 66287K, committed 66816K, reserved 1114112K
  class space    used 7186K, committed 7424K, reserved 1048576K
}
Event: 1767.483 GC heap before
{Heap before GC invocations=12 (full 0):
 garbage-first heap   total reserved 4114432K, committed 79872K, used 65112K [0x0000000704e00000, 0x0000000800000000)
  region size 2048K, 20 young (40960K), 3 survivors (6144K)
 Metaspace       used 72266K, committed 72832K, reserved 1114112K
  class space    used 7815K, committed 8064K, reserved 1048576K
}
Event: 1767.489 GC heap after
{Heap after GC invocations=13 (full 0):
 garbage-first heap   total reserved 4114432K, committed 79872K, used 32344K [0x0000000704e00000, 0x0000000800000000)
  region size 2048K, 3 young (6144K), 3 survivors (6144K)
 Metaspace       used 72266K, committed 72832K, reserved 1114112K
  class space    used 7815K, committed 8064K, reserved 1048576K
}

Dll operation events (12 events):
Event: 0.019 Loaded shared library C:\Program Files\Java\jdk-24\bin\java.dll
Event: 0.058 Loaded shared library C:\Program Files\Java\jdk-24\bin\jsvml.dll
Event: 0.164 Loaded shared library C:\Program Files\Java\jdk-24\bin\zip.dll
Event: 0.168 Loaded shared library C:\Program Files\Java\jdk-24\bin\instrument.dll
Event: 0.173 Loaded shared library C:\Program Files\Java\jdk-24\bin\net.dll
Event: 0.176 Loaded shared library C:\Program Files\Java\jdk-24\bin\nio.dll
Event: 0.179 Loaded shared library C:\Program Files\Java\jdk-24\bin\zip.dll
Event: 0.328 Loaded shared library C:\Program Files\Java\jdk-24\bin\extnet.dll
Event: 0.352 Loaded shared library C:\Program Files\Java\jdk-24\bin\jimage.dll
Event: 1.931 Loaded shared library C:\Program Files\Java\jdk-24\bin\sunmscapi.dll
Event: 3.940 Loaded shared library C:\Program Files\Java\jdk-24\bin\management.dll
Event: 3.943 Loaded shared library C:\Program Files\Java\jdk-24\bin\management_ext.dll

Deoptimization events (20 events):
Event: 2920.274 Thread 0x00000162ed70c680 DEOPT PACKING pc=0x0000016294bc3f0c sp=0x000000134cffe110
Event: 2920.274 Thread 0x00000162ed70c680 DEOPT UNPACKING pc=0x0000016294438602 sp=0x000000134cffe0a8 mode 2
Event: 2920.274 Thread 0x00000162ed70c680 Uncommon trap: trap_request=0xffffffbe fr.pc=0x0000016294bc3f0c relative=0x000000000000052c
Event: 2920.274 Thread 0x00000162ed70c680 Uncommon trap: reason=profile_predicate action=maybe_recompile pc=0x0000016294bc3f0c method=com.sun.crypto.provider.HmacCore.engineInit(Ljava/security/Key;Ljava/security/spec/AlgorithmParameterSpec;)V @ 88 c2
Event: 2920.274 Thread 0x00000162ed70c680 DEOPT PACKING pc=0x0000016294bc3f0c sp=0x000000134cffe070
Event: 2920.274 Thread 0x00000162ed70c680 DEOPT UNPACKING pc=0x0000016294438602 sp=0x000000134cffe008 mode 2
Event: 2920.274 Thread 0x00000162ed70c680 Uncommon trap: trap_request=0xffffffbe fr.pc=0x0000016294bc3f0c relative=0x000000000000052c
Event: 2920.274 Thread 0x00000162ed70c680 Uncommon trap: reason=profile_predicate action=maybe_recompile pc=0x0000016294bc3f0c method=com.sun.crypto.provider.HmacCore.engineInit(Ljava/security/Key;Ljava/security/spec/AlgorithmParameterSpec;)V @ 88 c2
Event: 2920.274 Thread 0x00000162ed70c680 DEOPT PACKING pc=0x0000016294bc3f0c sp=0x000000134cffe190
Event: 2920.274 Thread 0x00000162ed70c680 DEOPT UNPACKING pc=0x0000016294438602 sp=0x000000134cffe128 mode 2
Event: 2920.274 Thread 0x00000162ed70c680 Uncommon trap: trap_request=0xffffffbe fr.pc=0x0000016294bc3f0c relative=0x000000000000052c
Event: 2920.274 Thread 0x00000162ed70c680 Uncommon trap: reason=profile_predicate action=maybe_recompile pc=0x0000016294bc3f0c method=com.sun.crypto.provider.HmacCore.engineInit(Ljava/security/Key;Ljava/security/spec/AlgorithmParameterSpec;)V @ 88 c2
Event: 2920.274 Thread 0x00000162ed70c680 DEOPT PACKING pc=0x0000016294bc3f0c sp=0x000000134cffe190
Event: 2920.275 Thread 0x00000162ed70c680 DEOPT UNPACKING pc=0x0000016294438602 sp=0x000000134cffe128 mode 2
Event: 2920.288 Thread 0x00000162ed70c680 DEOPT PACKING pc=0x000001628d747718 sp=0x000000134cffeb30
Event: 2920.288 Thread 0x00000162ed70c680 DEOPT UNPACKING pc=0x0000016294375722 sp=0x000000134cffdfa0 mode 0
Event: 3052.668 Thread 0x00000162ed70a940 DEOPT PACKING pc=0x000001628d782937 sp=0x000000134cffde20
Event: 3052.668 Thread 0x00000162ed70a940 DEOPT UNPACKING pc=0x0000016294375722 sp=0x000000134cffd2a0 mode 0
Event: 3284.279 Thread 0x00000162ed70c680 DEOPT PACKING pc=0x000001628d747718 sp=0x000000134cffd960
Event: 3284.279 Thread 0x00000162ed70c680 DEOPT UNPACKING pc=0x0000016294375722 sp=0x000000134cffcdd0 mode 0

Classes loaded (20 events):
Event: 84.615 Loading class java/util/stream/ReduceOps$7
Event: 84.616 Loading class java/util/stream/ReduceOps$7 done
Event: 84.616 Loading class java/util/stream/ReduceOps$6ReducingSink
Event: 84.617 Loading class java/util/stream/ReduceOps$6ReducingSink done
Event: 84.617 Loading class java/util/stream/ReferencePipeline$4$1
Event: 84.617 Loading class java/util/stream/ReferencePipeline$4$1 done
Event: 84.617 Loading class java/util/OptionalInt
Event: 84.617 Loading class java/util/OptionalInt done
Event: 84.714 Loading class java/util/OptionalLong
Event: 84.715 Loading class java/util/OptionalLong done
Event: 84.715 Loading class java/util/OptionalDouble
Event: 84.715 Loading class java/util/OptionalDouble done
Event: 1373.473 Loading class sun/security/ssl/Alert
Event: 1373.474 Loading class sun/security/ssl/Alert done
Event: 1373.475 Loading class sun/security/ssl/Alert$AlertConsumer
Event: 1373.475 Loading class sun/security/ssl/Alert$AlertConsumer done
Event: 1373.475 Loading class sun/security/ssl/Alert$Level
Event: 1373.475 Loading class sun/security/ssl/Alert$Level done
Event: 1373.478 Loading class sun/net/ConnectionResetException
Event: 1373.478 Loading class sun/net/ConnectionResetException done

Classes unloaded (0 events):
No events

Classes redefined (0 events):
No events

Internal exceptions (20 events):
Event: 1412.517 Thread 0x00000162ed70a940 Exception <a 'java/io/IOException'{0x0000000707696648}> (0x0000000707696648) 
thrown [s\open\src\hotspot\share\prims\jni.cpp, line 518]
Event: 1412.518 Thread 0x00000162ed70a940 Exception <a 'java/io/IOException'{0x00000007076972b0}> (0x00000007076972b0) 
thrown [s\open\src\hotspot\share\prims\jni.cpp, line 518]
Event: 1493.656 Thread 0x00000162ed70c680 Exception <a 'java/io/IOException'{0x000000070779b890}> (0x000000070779b890) 
thrown [s\open\src\hotspot\share\prims\jni.cpp, line 518]
Event: 1493.656 Thread 0x00000162ed70c680 Exception <a 'java/io/IOException'{0x000000070779c4f8}> (0x000000070779c4f8) 
thrown [s\open\src\hotspot\share\prims\jni.cpp, line 518]
Event: 1526.554 Thread 0x00000162ed70a940 Exception <a 'java/io/IOException'{0x0000000707458628}> (0x0000000707458628) 
thrown [s\open\src\hotspot\share\prims\jni.cpp, line 518]
Event: 1526.555 Thread 0x00000162ed70a940 Exception <a 'java/io/IOException'{0x0000000707459290}> (0x0000000707459290) 
thrown [s\open\src\hotspot\share\prims\jni.cpp, line 518]
Event: 1569.591 Thread 0x00000162ed70c680 Exception <a 'java/io/IOException'{0x000000070755d868}> (0x000000070755d868) 
thrown [s\open\src\hotspot\share\prims\jni.cpp, line 518]
Event: 1569.593 Thread 0x00000162ed70c680 Exception <a 'java/io/IOException'{0x000000070755e4d0}> (0x000000070755e4d0) 
thrown [s\open\src\hotspot\share\prims\jni.cpp, line 518]
Event: 1588.931 Thread 0x00000162ed70a940 Exception <a 'java/io/IOException'{0x00000007072585c8}> (0x00000007072585c8) 
thrown [s\open\src\hotspot\share\prims\jni.cpp, line 518]
Event: 1767.451 Thread 0x00000162ed70a940 Exception <a 'java/io/IOException'{0x000000070735ec18}> (0x000000070735ec18) 
thrown [s\open\src\hotspot\share\prims\jni.cpp, line 518]
Event: 1767.451 Thread 0x00000162ed70a940 Exception <a 'java/io/IOException'{0x000000070735f880}> (0x000000070735f880) 
thrown [s\open\src\hotspot\share\prims\jni.cpp, line 518]
Event: 2878.932 Thread 0x00000162ed70a940 Exception <a 'java/io/IOException'{0x00000007fffbc618}> (0x00000007fffbc618) 
thrown [s\open\src\hotspot\share\prims\jni.cpp, line 518]
Event: 2884.323 Thread 0x00000162ed70a940 Exception <a 'java/io/IOException'{0x0000000714837fb0}> (0x0000000714837fb0) 
thrown [s\open\src\hotspot\share\prims\jni.cpp, line 518]
Event: 3011.343 Thread 0x00000162ed70a940 Exception <a 'java/io/IOException'{0x000000071491c488}> (0x000000071491c488) 
thrown [s\open\src\hotspot\share\prims\jni.cpp, line 518]
Event: 3052.634 Thread 0x00000162ed70b7e0 Exception <a 'java/io/IOException'{0x0000000711e17898}> (0x0000000711e17898) 
thrown [s\open\src\hotspot\share\prims\jni.cpp, line 518]
Event: 3052.634 Thread 0x00000162ed70b7e0 Exception <a 'java/io/IOException'{0x0000000711e18648}> (0x0000000711e18648) 
thrown [s\open\src\hotspot\share\prims\jni.cpp, line 518]
Event: 3103.113 Thread 0x00000162ed70c680 Exception <a 'java/io/IOException'{0x0000000711e89510}> (0x0000000711e89510) 
thrown [s\open\src\hotspot\share\prims\jni.cpp, line 518]
Event: 3103.113 Thread 0x00000162ed70c680 Exception <a 'java/io/IOException'{0x0000000711e8a178}> (0x0000000711e8a178) 
thrown [s\open\src\hotspot\share\prims\jni.cpp, line 518]
Event: 3284.244 Thread 0x00000162ed70b7e0 Exception <a 'java/io/IOException'{0x0000000711c13848}> (0x0000000711c13848) 
thrown [s\open\src\hotspot\share\prims\jni.cpp, line 518]
Event: 3284.245 Thread 0x00000162ed70b7e0 Exception <a 'java/io/IOException'{0x0000000711c144b0}> (0x0000000711c144b0) 
thrown [s\open\src\hotspot\share\prims\jni.cpp, line 518]

VM Operations (20 events):
Event: 7.965 Executing VM operation: HandshakeAllThreads (Deoptimize)
Event: 7.965 Executing VM operation: HandshakeAllThreads (Deoptimize) done
Event: 60.030 Executing VM operation: HandshakeAllThreads (HandshakeForDeflation)
Event: 60.030 Executing VM operation: HandshakeAllThreads (HandshakeForDeflation) done
Event: 60.030 Executing VM operation: RendezvousGCThreads
Event: 60.030 Executing VM operation: RendezvousGCThreads done
Event: 61.212 Executing VM operation: HandshakeAllThreads (Deoptimize)
Event: 61.212 Executing VM operation: HandshakeAllThreads (Deoptimize) done
Event: 61.810 Executing VM operation: HandshakeAllThreads (Deoptimize)
Event: 61.810 Executing VM operation: HandshakeAllThreads (Deoptimize) done
Event: 61.928 Executing VM operation: HandshakeAllThreads (Deoptimize)
Event: 61.928 Executing VM operation: HandshakeAllThreads (Deoptimize) done
Event: 61.976 Executing VM operation: HandshakeAllThreads (Deoptimize)
Event: 61.976 Executing VM operation: HandshakeAllThreads (Deoptimize) done
Event: 120.225 Executing VM operation: HandshakeAllThreads (HandshakeForDeflation)
Event: 120.225 Executing VM operation: HandshakeAllThreads (HandshakeForDeflation) done
Event: 120.226 Executing VM operation: RendezvousGCThreads
Event: 120.226 Executing VM operation: RendezvousGCThreads done
Event: 1767.483 Executing VM operation: G1CollectForAllocation (G1 Evacuation Pause)
Event: 1767.489 Executing VM operation: G1CollectForAllocation (G1 Evacuation Pause) done

Memory protections (0 events):
No events

Nmethod flushes (20 events):
Event: 7.115 Thread 0x00000162a3ebf670 flushing  nmethod 0x000001628d12d388
Event: 7.115 Thread 0x00000162a3ebf670 flushing  nmethod 0x000001628d13c388
Event: 7.115 Thread 0x00000162a3ebf670 flushing  nmethod 0x000001628d13f388
Event: 7.115 Thread 0x00000162a3ebf670 flushing  nmethod 0x000001628d1bc788
Event: 7.115 Thread 0x00000162a3ebf670 flushing  nmethod 0x000001628d1d8708
Event: 7.115 Thread 0x00000162a3ebf670 flushing  nmethod 0x000001628d1dae08
Event: 7.115 Thread 0x00000162a3ebf670 flushing  nmethod 0x000001628d26c008
Event: 7.115 Thread 0x00000162a3ebf670 flushing  nmethod 0x000001628d2a6208
Event: 7.115 Thread 0x00000162a3ebf670 flushing  nmethod 0x000001628d2ffc88
Event: 7.115 Thread 0x00000162a3ebf670 flushing  nmethod 0x000001628d334f08
Event: 7.115 Thread 0x00000162a3ebf670 flushing  nmethod 0x000001628d3d1508
Event: 7.115 Thread 0x00000162a3ebf670 flushing  nmethod 0x000001628d3d5008
Event: 7.115 Thread 0x00000162a3ebf670 flushing  nmethod 0x000001628d43dd88
Event: 7.115 Thread 0x00000162a3ebf670 flushing  nmethod 0x000001628d43e388
Event: 7.115 Thread 0x00000162a3ebf670 flushing  nmethod 0x000001628d4fe588
Event: 7.115 Thread 0x00000162a3ebf670 flushing  nmethod 0x000001628d53da88
Event: 7.115 Thread 0x00000162a3ebf670 flushing  nmethod 0x000001628d58b708
Event: 7.115 Thread 0x00000162a3ebf670 flushing  nmethod 0x000001628d58ba88
Event: 7.115 Thread 0x00000162a3ebf670 flushing  nmethod 0x000001628d58bd88
Event: 7.115 Thread 0x00000162a3ebf670 flushing  nmethod 0x000001628d58e688

Events (20 events):
Event: 3052.630 Thread 0x00000162eda3d2c0 Thread added: 0x00000162ed70b7e0
Event: 3052.635 Thread 0x00000162ed70b7e0 Thread added: 0x00000162ed70a940
Event: 3057.639 Thread 0x00000162ed70b7e0 Thread exited: 0x00000162ed70b7e0
Event: 3057.735 Thread 0x00000162ed70a940 Thread exited: 0x00000162ed70a940
Event: 3103.109 Thread 0x00000162eda3d2c0 Thread added: 0x00000162ed70c680
Event: 3103.114 Thread 0x00000162ed70c680 Thread added: 0x00000162ed70b7e0
Event: 3108.116 Thread 0x00000162ed70c680 Thread exited: 0x00000162ed70c680
Event: 3108.197 Thread 0x00000162ed70b7e0 Thread exited: 0x00000162ed70b7e0
Event: 3159.989 Thread 0x00000162eda3d2c0 Thread added: 0x00000162ed70b7e0
Event: 3159.992 Thread 0x00000162ed70b7e0 Thread added: 0x00000162ed70c680
Event: 3164.995 Thread 0x00000162ed70b7e0 Thread exited: 0x00000162ed70b7e0
Event: 3165.075 Thread 0x00000162ed70c680 Thread exited: 0x00000162ed70c680
Event: 3192.958 Thread 0x00000162eda3d2c0 Thread added: 0x00000162ed70b7e0
Event: 3192.961 Thread 0x00000162ed70b7e0 Thread added: 0x00000162ed70c680
Event: 3197.962 Thread 0x00000162ed70b7e0 Thread exited: 0x00000162ed70b7e0
Event: 3198.046 Thread 0x00000162ed70c680 Thread exited: 0x00000162ed70c680
Event: 3284.242 Thread 0x00000162eda3d2c0 Thread added: 0x00000162ed70b7e0
Event: 3284.245 Thread 0x00000162ed70b7e0 Thread added: 0x00000162ed70c680
Event: 3289.250 Thread 0x00000162ed70b7e0 Thread exited: 0x00000162ed70b7e0
Event: 3289.323 Thread 0x00000162ed70c680 Thread exited: 0x00000162ed70c680


Dynamic libraries:
0x00007ff7ca3c0000 - 0x00007ff7ca3d0000 	C:\Program Files\Java\jdk-24\bin\java.exe
0x00007ff801580000 - 0x00007ff8017e7000 	C:\WINDOWS\SYSTEM32\ntdll.dll
0x00007fffff4f0000 - 0x00007fffff5b9000 	C:\WINDOWS\System32\KERNEL32.DLL
0x00007ffffeba0000 - 0x00007ffffef8f000 	C:\WINDOWS\System32\KERNELBASE.dll
0x00007ffffe970000 - 0x00007ffffeabb000 	C:\WINDOWS\System32\ucrtbase.dll
0x00007fffbc9d0000 - 0x00007fffbc9eb000 	C:\Program Files\Java\jdk-24\bin\VCRUNTIME140.dll
0x00007fffb3ac0000 - 0x00007fffb3ad6000 	C:\Program Files\Java\jdk-24\bin\jli.dll
0x00007fffff320000 - 0x00007fffff4e5000 	C:\WINDOWS\System32\USER32.dll
0x00007fffdc300000 - 0x00007fffdc593000 	C:\WINDOWS\WinSxS\amd64_microsoft.windows.common-controls_6595b64144ccf1df_6.0.26100.7309_none_3e05feeae336a044\COMCTL32.dll
0x00007ffffeac0000 - 0x00007ffffeae7000 	C:\WINDOWS\System32\win32u.dll
0x00007ff800080000 - 0x00007ff800129000 	C:\WINDOWS\System32\msvcrt.dll
0x00007fffffde0000 - 0x00007fffffe0b000 	C:\WINDOWS\System32\GDI32.dll
0x00007ffffe840000 - 0x00007ffffe96c000 	C:\WINDOWS\System32\gdi32full.dll
0x00007fffff260000 - 0x00007fffff303000 	C:\WINDOWS\System32\msvcp_win.dll
0x00007ff800480000 - 0x00007ff8004b1000 	C:\WINDOWS\System32\IMM32.DLL
0x00007fffcfe80000 - 0x00007fffcfe8c000 	C:\Program Files\Java\jdk-24\bin\vcruntime140_1.dll
0x00007fff81c90000 - 0x00007fff81d1e000 	C:\Program Files\Java\jdk-24\bin\msvcp140.dll
0x00007fff3e940000 - 0x00007fff3f6e1000 	C:\Program Files\Java\jdk-24\bin\server\jvm.dll
0x00007ff8004c0000 - 0x00007ff800574000 	C:\WINDOWS\System32\ADVAPI32.dll
0x00007fffffd20000 - 0x00007fffffdc6000 	C:\WINDOWS\System32\sechost.dll
0x00007ff800d70000 - 0x00007ff800e88000 	C:\WINDOWS\System32\RPCRT4.dll
0x00007ff8014c0000 - 0x00007ff801534000 	C:\WINDOWS\System32\WS2_32.dll
0x00007ffffd2d0000 - 0x00007ffffd32e000 	C:\WINDOWS\SYSTEM32\POWRPROF.dll
0x00007ffff2e70000 - 0x00007ffff2ea5000 	C:\WINDOWS\SYSTEM32\WINMM.dll
0x00007fffe8cf0000 - 0x00007fffe8cfb000 	C:\WINDOWS\SYSTEM32\VERSION.dll
0x00007ffffd2b0000 - 0x00007ffffd2c4000 	C:\WINDOWS\SYSTEM32\UMPDC.dll
0x00007ffffd4f0000 - 0x00007ffffd50b000 	C:\WINDOWS\SYSTEM32\kernel.appcore.dll
0x00007fffb3790000 - 0x00007fffb379a000 	C:\Program Files\Java\jdk-24\bin\jimage.dll
0x00007ffffbd80000 - 0x00007ffffbfc2000 	C:\WINDOWS\SYSTEM32\DBGHELP.DLL
0x00007ff800740000 - 0x00007ff800ac6000 	C:\WINDOWS\System32\combase.dll
0x00007ff800320000 - 0x00007ff8003f6000 	C:\WINDOWS\System32\OLEAUT32.dll
0x00007fffe90f0000 - 0x00007fffe912c000 	C:\WINDOWS\SYSTEM32\dbgcore.DLL
0x00007ffffeaf0000 - 0x00007ffffeb95000 	C:\WINDOWS\System32\bcryptPrimitives.dll
0x00007fffebfc0000 - 0x00007fffebfcf000 	C:\Program Files\Java\jdk-24\bin\instrument.dll
0x00007fffb2120000 - 0x00007fffb213e000 	C:\Program Files\Java\jdk-24\bin\java.dll
0x00007ff800e90000 - 0x00007ff801027000 	C:\WINDOWS\System32\ole32.dll
0x00007fffff5c0000 - 0x00007fffffd13000 	C:\WINDOWS\System32\SHELL32.dll
0x00007fffff0f0000 - 0x00007fffff25a000 	C:\WINDOWS\System32\wintypes.dll
0x00007ffffc290000 - 0x00007ffffcaee000 	C:\WINDOWS\SYSTEM32\windows.storage.dll
0x00007ff800580000 - 0x00007ff800675000 	C:\WINDOWS\System32\SHCORE.dll
0x00007ff800010000 - 0x00007ff800076000 	C:\WINDOWS\System32\shlwapi.dll
0x00007ffffe5e0000 - 0x00007ffffe609000 	C:\WINDOWS\SYSTEM32\profapi.dll
0x00007fff70a90000 - 0x00007fff70b67000 	C:\Program Files\Java\jdk-24\bin\jsvml.dll
0x00007fffad9d0000 - 0x00007fffad9e7000 	C:\Program Files\Java\jdk-24\bin\zip.dll
0x00007fffb2d50000 - 0x00007fffb2d60000 	C:\Program Files\Java\jdk-24\bin\net.dll
0x00007ffffdb00000 - 0x00007ffffdb6b000 	C:\WINDOWS\system32\mswsock.dll
0x00007fffaf8b0000 - 0x00007fffaf8c6000 	C:\Program Files\Java\jdk-24\bin\nio.dll
0x00007fffb0d10000 - 0x00007fffb0d19000 	C:\Program Files\Java\jdk-24\bin\extnet.dll
0x00007fffd4c50000 - 0x00007fffd4c5e000 	C:\Program Files\Java\jdk-24\bin\sunmscapi.dll
0x00007ffffe6c0000 - 0x00007ffffe837000 	C:\WINDOWS\System32\CRYPT32.dll
0x00007ffffdfe0000 - 0x00007ffffe010000 	C:\WINDOWS\SYSTEM32\ncrypt.dll
0x00007ffffdf90000 - 0x00007ffffdfcf000 	C:\WINDOWS\SYSTEM32\NTASN1.dll
0x00007ffffddc0000 - 0x00007ffffdddb000 	C:\WINDOWS\SYSTEM32\CRYPTSP.dll
0x00007ffffd510000 - 0x00007ffffd54a000 	C:\WINDOWS\system32\rsaenh.dll
0x00007ffffdbb0000 - 0x00007ffffdbdb000 	C:\WINDOWS\SYSTEM32\USERENV.dll
0x00007ffffe5b0000 - 0x00007ffffe5da000 	C:\WINDOWS\SYSTEM32\bcrypt.dll
0x00007ffffdde0000 - 0x00007ffffddec000 	C:\WINDOWS\SYSTEM32\CRYPTBASE.dll
0x00007ffffcf20000 - 0x00007ffffcf54000 	C:\WINDOWS\SYSTEM32\IPHLPAPI.DLL
0x00007fffff310000 - 0x00007fffff31a000 	C:\WINDOWS\System32\NSI.dll
0x00007fffd4c40000 - 0x00007fffd4c4a000 	C:\Program Files\Java\jdk-24\bin\management.dll
0x00007fffd4a10000 - 0x00007fffd4a1b000 	C:\Program Files\Java\jdk-24\bin\management_ext.dll
0x00007fffffdd0000 - 0x00007fffffdd8000 	C:\WINDOWS\System32\PSAPI.DLL
0x00007ffffcfc0000 - 0x00007ffffd0ec000 	C:\WINDOWS\SYSTEM32\DNSAPI.dll
0x00007ffff2dc0000 - 0x00007ffff2dcb000 	C:\Windows\System32\rasadhlp.dll
0x00007ffff4ec0000 - 0x00007ffff4f46000 	C:\WINDOWS\System32\fwpuclnt.dll
0x00007fffcb8e0000 - 0x00007fffcb8e8000 	C:\WINDOWS\system32\wshunix.dll

JVMTI agents:
C:\Program Files\JetBrains\IntelliJ IDEA Community Edition 2025.2.1\lib\idea_rt.jar path:C:\Program Files\Java\jdk-24\bin\instrument.dll, loaded, initialized, instrumentlib options:62388

dbghelp: loaded successfully - version: 4.0.5 - missing functions: none
symbol engine: initialized successfully - sym options: 0x614 - pdb path: .;C:\Program Files\Java\jdk-24\bin;C:\WINDOWS\SYSTEM32;C:\WINDOWS\WinSxS\amd64_microsoft.windows.common-controls_6595b64144ccf1df_6.0.26100.7309_none_3e05feeae336a044;C:\Program Files\Java\jdk-24\bin\server

VM Arguments:
jvm_args: -javaagent:C:\Program Files\JetBrains\IntelliJ IDEA Community Edition 2025.2.1\lib\idea_rt.jar=62388 -Dfile.encoding=UTF-8 -Dsun.stdout.encoding=UTF-8 -Dsun.stderr.encoding=UTF-8 
java_command: net.javaguides.ems.EmsBackendApplication
java_class_path (initial): D:\ems-backend\target\classes;C:\Users\dell\.m2\repository\org\springframework\boot\spring-boot-starter-data-jpa\4.0.2\spring-boot-starter-data-jpa-4.0.2.jar;C:\Users\dell\.m2\repository\org\springframework\boot\spring-boot-starter\4.0.2\spring-boot-starter-4.0.2.jar;C:\Users\dell\.m2\repository\org\springframework\boot\spring-boot-starter-logging\4.0.2\spring-boot-starter-logging-4.0.2.jar;C:\Users\dell\.m2\repository\ch\qos\logback\logback-classic\1.5.25\logback-classic-1.5.25.jar;C:\Users\dell\.m2\repository\ch\qos\logback\logback-core\1.5.25\logback-core-1.5.25.jar;C:\Users\dell\.m2\repository\org\apache\logging\log4j\log4j-to-slf4j\2.25.3\log4j-to-slf4j-2.25.3.jar;C:\Users\dell\.m2\repository\org\apache\logging\log4j\log4j-api\2.25.3\log4j-api-2.25.3.jar;C:\Users\dell\.m2\repository\org\slf4j\jul-to-slf4j\2.0.17\jul-to-slf4j-2.0.17.jar;C:\Users\dell\.m2\repository\org\springframework\boot\spring-boot-autoconfigure\4.0.2\spring-boot-autoconfigure-4.0.2.jar;C:\Users\dell\.m2\repository\jakarta\annotation\jakarta.annotation-api\3.0.0\jakarta.annotation-api-3.0.0.jar;C:\Users\dell\.m2\repository\org\yaml\snakeyaml\2.5\snakeyaml-2.5.jar;C:\Users\dell\.m2\repository\org\springframework\boot\spring-boot-starter-jdbc\4.0.2\spring-boot-starter-jdbc-4.0.2.jar;C:\Users\dell\.m2\repository\com\zaxxer\HikariCP\7.0.2\HikariCP-7.0.2.jar;C:\Users\dell\.m2\repository\org\slf4j\slf4j-api\2.0.17\slf4j-api-2.0.17.jar;C:\Users\dell\.m2\repository\org\springframework\boot\spring-boot-data-jpa\4.0.2\spring-boot-data-jpa-4.0.2.jar;C:\Users\dell\.m2\repository\org\springframework\boot\spring-boot-data-commons\4.0.2\spring-boot-data-commons-4.0.2.jar;C:\Users\dell\.m2\repository\org\springframework\boot\spring-boot-persistence\4.0.2\spring-boot-persistence-4.0.2.jar;C:\Users\dell\.m2\repository\org\springframework\data\spring-data-commons\4.0.2\spring-data-commons-4.0.2.jar;C:\Users\dell\.m2\repository\org\springframework\boot\spring-boot-hibernate\4.0.2\spring-boot-hibernate-4.0.2.jar;C:\Users\dell\.m2\repository\org\springframework\boot\spring-boot-jpa\4.0.2\spring-boot-jpa-4.0.2.jar;C:\Users\dell\.m2\repository\jakarta\persistence\jakarta.persistence-api\3.2.0\jakarta.persistence-api-3.2.0.jar;C:\Users\dell\.m2\repository\org\hibernate\orm\hibernate-core\7.2.1.Final\hibernate-core-7.2.1.Final.jar;C:\Users\dell\.m2\repository\jakarta\transaction\jakarta.transaction-api\2.0.1\jakarta.transaction-api-2.0.1.jar;C:\Users\dell\.m2\repository\org\jboss\logging\jboss-logging\3.6.1.Final\jboss-logging-3.6.1.Final.jar;C:\Users\dell\.m2\repository\org\hibernate\models\hibernate-models\1.0.1\hibernate-models-1.0.1.jar;C:\Users\dell\.m2\repository\com\fasterxml\classmate\1.7.3\classmate-1.7.3.jar;C:\Users\dell\.m2\repository\org\glassfish\jaxb\jaxb-runtime\4.0.6\jaxb-runtime-4.0.6.jar;C:\Users\dell\.m2\repository\org\glassfish\jaxb\jaxb-core\4.0.6\jaxb-core-4.0.6.jar;C:\Users\dell\.m2\repository\org\eclipse\angus\angus-activation\2.0.3\angus-activation-2.0.3.jar;C:\Users\dell\.m2\repository\org\glassfish\jaxb\txw2\4.0.6\txw2-4.0.6.jar;C:\Users\dell\.m2\repository\com\sun\istack\istack-commons-runtime\4.1.2\istack-commons-runtime-4.1.2.jar;C:\Users\dell\.m2\repository\jakarta\inject\jakarta.inject-api\2.0.1\jakarta.inject-api-2.0.1.jar;C:\Users\dell\.m2\repository\org\springframework\spring-orm\7.0.3\spring-orm-7.0.3.jar;C:\Users\dell\.m2\repository\org\springframework\data\spring-data-jpa\4.0.2\spring-data-jpa-4.0.2.jar;C:\Users\dell\.m2\repository\org\springframework\spring-context\7.0.3\spring-context-7.0.3.jar;C:\Users\dell\.m2\repository\org\springframework\spring-aop\7.0.3\spring-aop-7.0.3.jar;C:\Users\dell\.m2\repository\org\springframework\spring-tx\7.0.3\spring-tx-7.0.3.jar;C:\Users\dell\.m2\repository\org\springframework\spring-beans\7.0.3\spring-beans-7.0.3.jar;C:\Users\dell\.m2\repository\org\antlr\antlr4-runtime\4.13.2\antlr4-runtime-4.13.2.jar;C:\Users\dell\.m2\repository\org\springframework\spring-aspects\7.0.3\spring-aspects-7.0.3.jar;C:\Users\dell\.m2\repository\org\aspectj\aspectjweaver\1.9.25.1\aspectjweaver-1.9.25.1.jar;C:\Users\dell\.m2\repository\org\springframework\boot\spring-boot-jdbc\4.0.2\spring-boot-jdbc-4.0.2.jar;C:\Users\dell\.m2\repository\org\springframework\boot\spring-boot\4.0.2\spring-boot-4.0.2.jar;C:\Users\dell\.m2\repository\org\springframework\boot\spring-boot-sql\4.0.2\spring-boot-sql-4.0.2.jar;C:\Users\dell\.m2\repository\org\springframework\boot\spring-boot-transaction\4.0.2\spring-boot-transaction-4.0.2.jar;C:\Users\dell\.m2\repository\org\springframework\spring-jdbc\7.0.3\spring-jdbc-7.0.3.jar;C:\Users\dell\.m2\repository\org\springframework\boot\spring-boot-starter-webmvc\4.0.2\spring-boot-starter-webmvc-4.0.2.jar;C:\Users\dell\.m2\repository\org\springframework\boot\spring-boot-starter-jackson\4.0.2\spring-boot-starter-jackson-4.0.2.jar;C:\Users\dell\.m2\repository\org\springframework\boot\spring-boot-jackson\4.0.2\spring-boot-jackson-4.0.2.jar;C:\Users\dell\.m2\repository\tools\jackson\core\jackson-databind\3.0.4\jackson-databind-3.0.4.jar;C:\Users\dell\.m2\repository\com\fasterxml\jackson\core\jackson-annotations\2.20\jackson-annotations-2.20.jar;C:\Users\dell\.m2\repository\tools\jackson\core\jackson-core\3.0.4\jackson-core-3.0.4.jar;C:\Users\dell\.m2\repository\org\springframework\boot\spring-boot-starter-tomcat\4.0.2\spring-boot-starter-tomcat-4.0.2.jar;C:\Users\dell\.m2\repository\org\springframework\boot\spring-boot-starter-tomcat-runtime\4.0.2\spring-boot-starter-tomcat-runtime-4.0.2.jar;C:\Users\dell\.m2\repository\org\apache\tomcat\embed\tomcat-embed-core\11.0.15\tomcat-embed-core-11.0.15.jar;C:\Users\dell\.m2\repository\org\apache\tomcat\embed\tomcat-embed-el\11.0.15\tomcat-embed-el-11.0.15.jar;C:\Users\dell\.m2\repository\org\apache\tomcat\embed\tomcat-embed-websocket\11.0.15\tomcat-embed-websocket-11.0.15.jar;C:\Users\dell\.m2\repository\org\springframework\boot\spring-boot-tomcat\4.0.2\spring-boot-tomcat-4.0.2.jar;C:\Users\dell\.m2\repository\org\springframework\boot\spring-boot-http-converter\4.0.2\spring-boot-http-converter-4.0.2.jar;C:\Users\dell\.m2\repository\org\springframework\spring-web\7.0.3\spring-web-7.0.3.jar;C:\Users\dell\.m2\repository\io\micrometer\micrometer-observation\1.16.2\micrometer-observation-1.16.2.jar;C:\Users\dell\.m2\repository\io\micrometer\micrometer-commons\1.16.2\micrometer-commons-1.16.2.jar;C:\Users\dell\.m2\repository\org\springframework\boot\spring-boot-webmvc\4.0.2\spring-boot-webmvc-4.0.2.jar;C:\Users\dell\.m2\repository\org\springframework\boot\spring-boot-servlet\4.0.2\spring-boot-servlet-4.0.2.jar;C:\Users\dell\.m2\repository\org\springframework\spring-webmvc\7.0.3\spring-webmvc-7.0.3.jar;C:\Users\dell\.m2\repository\org\springframework\spring-expression\7.0.3\spring-expression-7.0.3.jar;C:\Users\dell\.m2\repository\com\mysql\mysql-connector-j\9.5.0\mysql-connector-j-9.5.0.jar;C:\Users\dell\.m2\repository\org\projectlombok\lombok\1.18.42\lombok-1.18.42.jar;C:\Users\dell\.m2\repository\jakarta\xml\bind\jakarta.xml.bind-api\4.0.4\jakarta.xml.bind-api-4.0.4.jar;C:\Users\dell\.m2\repository\jakarta\activation\jakarta.activation-api\2.1.4\jakarta.activation-api-2.1.4.jar;C:\Users\dell\.m2\repository\net\bytebuddy\byte-buddy\1.17.8\byte-buddy-1.17.8.jar;C:\Users\dell\.m2\repository\org\springframework\spring-core\7.0.3\spring-core-7.0.3.jar;C:\Users\dell\.m2\repository\commons-logging\commons-logging\1.3.5\commons-logging-1.3.5.jar;C:\Users\dell\.m2\repository\org\jspecify\jspecify\1.0.0\jspecify-1.0.0.jar;C:\Users\dell\.m2\repository\org\springframework\boot\spring-boot-web-server\4.0.2\spring-boot-web-server-4.0.2.jar
Launcher Type: SUN_STANDARD

[Global flags]
     intx CICompilerCount                          = 4                                         {product} {ergonomic}
     uint ConcGCThreads                            = 3                                         {product} {ergonomic}
     uint G1ConcRefinementThreads                  = 10                                        {product} {ergonomic}
   size_t G1HeapRegionSize                         = 2097152                                   {product} {ergonomic}
   size_t InitialHeapSize                          = 264241152                                 {product} {ergonomic}
   size_t MarkStackSize                            = 4194304                                   {product} {ergonomic}
   size_t MarkStackSizeMax                         = 536870912                                 {product} {ergonomic}
   size_t MaxHeapSize                              = 4213178368                                {product} {ergonomic}
   size_t MaxNewSize                               = 2527068160                                {product} {ergonomic}
   size_t MinHeapDeltaBytes                        = 2097152                                   {product} {ergonomic}
   size_t MinHeapSize                              = 8388608                                   {product} {ergonomic}
    uintx NonNMethodCodeHeapSize                   = 5832704                                {pd product} {ergonomic}
    uintx NonProfiledCodeHeapSize                  = 122945536                              {pd product} {ergonomic}
    uintx ProfiledCodeHeapSize                     = 122880000                              {pd product} {ergonomic}
    uintx ReservedCodeCacheSize                    = 251658240                              {pd product} {ergonomic}
     bool SegmentedCodeCache                       = true                                      {product} {ergonomic}
   size_t SoftMaxHeapSize                          = 4213178368                             {manageable} {ergonomic}
     bool UseCompressedOops                        = true                           {product lp64_product} {ergonomic}
     bool UseG1GC                                  = true                                      {product} {ergonomic}
     bool UseLargePagesIndividualAllocation        = false                                  {pd product} {ergonomic}

Logging:
Log output configuration:
 #0: stdout all=warning uptime,level,tags foldmultilines=false
 #1: stderr all=off uptime,level,tags foldmultilines=false

Environment Variables:
JAVA_HOME=C:\Program Files\Java\jdk-23
PATH=C:\ProgramData\anaconda3\Scripts\;C:\ProgramData\anaconda3\;C:\Program Files\Common Files\Oracle\Java\javapath;C:\WINDOWS\system32;C:\WINDOWS;C:\WINDOWS\System32\Wbem;C:\WINDOWS\System32\WindowsPowerShell\v1.0\;C:\WINDOWS\System32\OpenSSH\;C:\Program Files\dotnet\;C:\MinGW\bin;C:\Program Files\nodejs\;C:\ProgramData\chocolatey\bin;C:\Program Files\nodejs\;C:\Program Files\MySQL\MySQL Server 8.0\bin;C:\Program Files\Java\jdk-24\bin;C:\Users\dell\Downloads\mongosh-2.5.10-win32-x64\mongosh-2.5.10-win32-x64\bin;C:\Program Files\Git\cmd;C:\Program Files\MySQL\MySQL Shell 8.0\bin\;C:\Users\dell\AppData\Local\Microsoft\WindowsApps;C:\Users\dell\AppData\Local\Programs\Microsoft VS Code\bin;C:\Program Files\Git\bin;C:\Program Files\Git\cmd;C:\Program Files\Java\jdk-23\bin;C:\MinGW\bin;C:\Users\dell\AppData\Roaming\npm;C:\Program Files\nodejs\node_modules\npm\bin;C:\Program Files\nodejs\node_modules\npm;C:\Program Files\nodejs\;C:\Program Files\JetBrains\PyCharm 2025.2.1.1\bin;
USERNAME=dell
OS=Windows_NT
PROCESSOR_IDENTIFIER=Intel64 Family 6 Model 186 Stepping 3, GenuineIntel
TMP=C:\Users\dell\AppData\Local\Temp
TEMP=C:\Users\dell\AppData\Local\Temp




Periodic native trim disabled

---------------  S Y S T E M  ---------------

OS:
 Windows 11 , 64 bit Build 26100 (10.0.26100.7623)
OS uptime: 0 days 12:53 hours
Hyper-V role detected

CPU: total 12 (initial active 12) (6 cores per cpu, 2 threads per core) family 6 model 186 stepping 3 microcode 0x4128, cx8, cmov, fxsr, ht, mmx, 3dnowpref, sse, sse2, sse3, ssse3, sse4.1, sse4.2, popcnt, lzcnt, tsc, tscinvbit, avx, avx2, aes, erms, clmul, bmi1, bmi2, adx, sha, fma, vzeroupper, clflush, clflushopt, clwb, hv, serialize, rdtscp, rdpid, fsrm, gfni, f16c, cet_ibt, cet_ss
Processor Information for the first 12 processors :
  Max Mhz: 1300, Current Mhz: 1300, Mhz Limit: 1300

Memory: 4k page, system-wide physical 16068M (3635M free)
TotalPageFile size 16068M (AvailPageFile size 146M)
current process WorkingSet (physical memory assigned to process): 167M, peak: 276M
current process commit charge ("private bytes"): 281M, peak: 394M

vm_info: Java HotSpot(TM) 64-Bit Server VM (24.0.2+12-54) for windows-amd64 JRE (24.0.2+12-54), built on 2025-07-08T12:10:27Z with MS VC++ 17.6 (VS2022)

END.
